// Jest Snapshot v1, https://goo.gl/fbAQLP

exports[`Pruebas <GifItem /> Debe hacer match en el snapchot 1`] = `
<div>
  <div
    class="card"
  >
    <img
      alt="Dragon Ball"
      src="https://google.com"
    />
    <p>
      Dragon Ball
    </p>
  </div>
</div>
`;
